---
source: src/sync/codegen.rs
expression: code
---
-- This file is automatically @generated by Asphalt.
-- It is not intended for manual editing.
local name = {
	fred = "world",
	qux = {
		baz = 42,
		foo = "bar",
	},
	waldo = Content.fromUri("garply"),
}

return name
